<?xml version="1.0" encoding="utf-8"?><testsuites><testsuite name="pytest" errors="0" failures="0" skipped="0" tests="2" time="2.465" timestamp="2022-03-31T02:54:28.871196" hostname="Kyles-MacBook-Air.local"><testcase classname="tests.tracer.test_trace_stats" name="test_sampling_rate[1.0]" time="0.013" /><testcase classname="tests.tracer.test_trace_stats" name="test_sampling_rate[0.0]" time="0.007" /></testsuite></testsuites>